// Jest Snapshot v1, https://goo.gl/fbAQLP

exports[`The Theme Toggle component should match the snapshot 1`] = `"<button><span>Toggle to </span><span role=\\"img\\" aria-label=\\"sun\\">ðŸŒž</span></button><div class=\\"heading\\">Currently using the <span class=\\"uppercase\\">duh</span> theme</div>"`;
